docker run -d --name domain-service --restart unless-stopped --network cv --log-driver awslogs --log-opt awslogs-region=eu-west-3 --log-opt awslogs-group=/cv-project/cv-domain-service --log-opt awslogs-stream=domain-service-i-0abc123def4567890 --log-opt awslogs-datetime-format=%Y-%m-%dT%H:%M:%S --log-opt mode=non-blocking --log-opt max-buffer-size=4m -p 8080:8080 -e SPRING_DATASOURCE_URL=jdbc:mysql://mysql:3306/cvdb?allowPublicKeyRetrieval=true&useSSL=false -e SPRING_DATASOURCE_USERNAME=cvuser -e SPRING_DATASOURCE_PASSWORD=SECRET-DB-PASSWORD-1 -e COGNITO_ISSUER_URI=https://issuer.example/pool -e AUTH_ENABLED=true -e CORS_ALLOWED_ORIGINS=https://d111.cloudfront.net,http://localhost:5173,http://localhost:4173 123456789012.dkr.ecr.eu-west-3.amazonaws.com/cv-project-domain-service:latest
docker run -d --name bff-node --restart unless-stopped --network cv --log-driver awslogs --log-opt awslogs-region=eu-west-3 --log-opt awslogs-group=/cv-project/cv-bff-node --log-opt awslogs-stream=bff-node-i-0abc123def4567890 --log-opt mode=non-blocking --log-opt max-buffer-size=4m -p 3000:3000 -e DOMAIN_SERVICE_URL=http://domain-service:8080 -e AUTH_ENABLED=true -e COGNITO_ISSUER_URI=https://issuer.example/pool -e CORS_ALLOWED_ORIGINS=https://d111.cloudfront.net -e COGNITO_TOKEN_URL=value-of-bff/token-url -e SERVICE_CLIENT_ID=value-of-bff/service-client-id -e SERVICE_CLIENT_SECRET=SECRET-BFF-CLIENT-2 -e SERVICE_TOKEN_SCOPE=value-of-bff/token-scope 123456789012.dkr.ecr.eu-west-3.amazonaws.com/cv-project-bff-node:latest
